#-----------------------------------------------------------
# Vivado v2023.1 (64-bit)
# SW Build 3865809 on Sun May  7 15:05:29 MDT 2023
# IP Build 3864474 on Sun May  7 20:36:21 MDT 2023
# SharedData Build 3865790 on Sun May 07 13:33:03 MDT 2023
# Start of session at: Mon Sep 11 13:44:10 2023
# Process ID: 7636
# Current directory: F:/MyTemporary/Github/PhotonDetector/Processing_Board/firmware/SinglePhotonDetector/SinglePhotonDetector.runs/impl_1
# Command line: vivado.exe -log ZSinglePhotonDector.vdi -applog -product Vivado -messageDb vivado.pb -mode batch -source ZSinglePhotonDector.tcl -notrace
# Log file: F:/MyTemporary/Github/PhotonDetector/Processing_Board/firmware/SinglePhotonDetector/SinglePhotonDetector.runs/impl_1/ZSinglePhotonDector.vdi
# Journal file: F:/MyTemporary/Github/PhotonDetector/Processing_Board/firmware/SinglePhotonDetector/SinglePhotonDetector.runs/impl_1\vivado.jou
# Running On: DESKTOP-R1EC6M9, OS: Windows, CPU Frequency: 3096 MHz, CPU Physical cores: 6, Host memory: 8288 MB
#-----------------------------------------------------------
source ZSinglePhotonDector.tcl -notrace
