Copyright 1986-2022 Xilinx, Inc. All Rights Reserved. Copyright 2022-2023 Advanced Micro Devices, Inc. All Rights Reserved.
-----------------------------------------------------------------------------------------------------------------------------------------------------------------------------------------------
| Tool Version : Vivado v.2023.1 (win64) Build 3865809 Sun May  7 15:05:29 MDT 2023
| Date         : Mon Sep 11 13:44:56 2023
| Host         : DESKTOP-R1EC6M9 running 64-bit major release  (build 9200)
| Command      : report_methodology -file ZSinglePhotonDector_methodology_drc_routed.rpt -pb ZSinglePhotonDector_methodology_drc_routed.pb -rpx ZSinglePhotonDector_methodology_drc_routed.rpx
| Design       : ZSinglePhotonDector
| Device       : xc7s25ftgb196-1IL
| Speed File   : -1IL
| Design State : Fully Routed
-----------------------------------------------------------------------------------------------------------------------------------------------------------------------------------------------

Report Methodology

Table of Contents
-----------------
1. REPORT SUMMARY
2. REPORT DETAILS

1. REPORT SUMMARY
-----------------
            Netlist: netlist
          Floorplan: design_1
      Design limits: <entire design considered>
             Max violations: <unlimited>
             Violations found: 0
+------+----------+-------------+------------+
| Rule | Severity | Description | Violations |
+------+----------+-------------+------------+
+------+----------+-------------+------------+

2. REPORT DETAILS
-----------------

